== private session bus
== headless gnome-shell (3840x2160 + 1920x1080)
== operator scale layout (setscales.py)
logical monitors:
  1920x1080+0,0
  1152x648+1920,432
== round 1/3 (16x9, initial map + fit-to-media)
  16x9 round 1: video=1920x1080 window=960x540+480,270 inside workarea=1920x1016+0,32 on Meta-0 (bounds_source=current-monitor)
  16x9 round 1: compositor applied window=960x540+400,216 contained in a single monitor workarea
== round 2/3 (16x9, re-open)
  16x9 round 2: video=1920x1080 window=960x540+480,270 inside workarea=1920x1016+0,32 on Meta-0 (bounds_source=current-monitor)
  16x9 round 2: compositor applied window=960x540+400,216 contained in a single monitor workarea
== round 3/3 (16x9, re-open)
  16x9 round 3: video=1920x1080 window=960x540+480,270 inside workarea=1920x1016+0,32 on Meta-0 (bounds_source=current-monitor)
  16x9 round 3: compositor applied window=960x540+400,216 contained in a single monitor workarea
== round 1/3 (4k, initial map + fit-to-media)
  launch attempt 1 exited before a fit decision; relaunching (kept <root>/logs/fit-4k-1.log.attempt1)
  launch attempt 2 exited before a fit decision; relaunching (kept <root>/logs/fit-4k-1.log.attempt2)
  4k round 1: video=3840x2160 window=1623x913+148,83 inside workarea=1920x1016+0,32 on Meta-0 (bounds_source=current-monitor)
FAIL [4k round 1]: compositor-APPLIED window 1623x913+400,167 is not contained in any single monitor geometry [(1920, 1080, 0, 0), (1152, 648, 1920, 432)] - the applied window spans monitors or overflows (#546), whatever the request said
== round 2/3 (4k, re-open)
  4k round 2: video=3840x2160 window=1623x913+148,83 inside workarea=1920x1016+0,32 on Meta-0 (bounds_source=current-monitor)
FAIL [4k round 2]: compositor-APPLIED window 1623x913+400,167 is not contained in any single monitor geometry [(1920, 1080, 0, 0), (1152, 648, 1920, 432)] - the applied window spans monitors or overflows (#546), whatever the request said
== round 3/3 (4k, re-open)
  4k round 3: video=3840x2160 window=1623x913+148,83 inside workarea=1920x1016+0,32 on Meta-0 (bounds_source=current-monitor)
FAIL [4k round 3]: compositor-APPLIED window 1623x913+400,167 is not contained in any single monitor geometry [(1920, 1080, 0, 0), (1152, 648, 1920, 432)] - the applied window spans monitors or overflows (#546), whatever the request said

FAIL: 3 of 6 rounds produced a spanning/uncontained fit (#546 defect); evidence in <root>/logs
